V3 3
FL C:/Users/Jdoo1/Documents/ElectronicaDigital/Mealyv2/Mealy.vhd 2020/04/20.17:01:48 P.20131013
EN work/Mealy 1587420119 \
      FL C:/Users/Jdoo1/Documents/ElectronicaDigital/Mealyv2/Mealy.vhd \
      PB ieee/std_logic_1164 1381692176
AR work/Mealy/Behavioral 1587420120 \
      FL C:/Users/Jdoo1/Documents/ElectronicaDigital/Mealyv2/Mealy.vhd \
      EN work/Mealy 1587420119
