V3 3
FL C:/Users/Jdoo1/Documents/ElectronicaDigital/MaquinaMoore/Moore.vhd 2020/04/19.21:37:11 P.20131013
EN work/Moore 1587350241 \
      FL C:/Users/Jdoo1/Documents/ElectronicaDigital/MaquinaMoore/Moore.vhd \
      PB ieee/std_logic_1164 1381692176
AR work/Moore/Behavioral 1587350242 \
      FL C:/Users/Jdoo1/Documents/ElectronicaDigital/MaquinaMoore/Moore.vhd \
      EN work/Moore 1587350241
