V3 3
FL C:/Users/Jdoo1/Documents/ElectronicaDigital/MaquinaMealy/Mealy.vhd 2020/04/19.18:52:59 P.20131013
EN work/Mealy 1587340387 \
      FL C:/Users/Jdoo1/Documents/ElectronicaDigital/MaquinaMealy/Mealy.vhd \
      PB ieee/std_logic_1164 1381692176
AR work/Mealy/Behavioral 1587340388 \
      FL C:/Users/Jdoo1/Documents/ElectronicaDigital/MaquinaMealy/Mealy.vhd \
      EN work/Mealy 1587340387
